{
  "token": [
    {
      "id": "regex:.+",
      "owner": "Owner"
    }
  ],
  "employee": []
}